// Jest Snapshot v1, https://goo.gl/fbAQLP

exports[`components/HeaderMain rendersCorrectly 1`] = `
<View
  style={
    {
      "backgroundColor": "#F7D102",
      "height": 85.376,
    }
  }
>
  <View
    style={
      {
        "alignItems": "center",
        "backgroundColor": "white",
        "borderBottomRightRadius": 25,
        "borderTopRightRadius": 25,
        "flexDirection": "row",
        "height": 85.376,
        "paddingHorizontal": "3%",
        "width": "80%",
      }
    }
  >
    <Image
      source={
        {
          "uri": "https://cdn.getir.com/misc/emoji/house.png",
        }
      }
      style={
        {
          "height": 30,
          "width": 30,
        }
      }
    />
    <View
      style={
        {
          "alignItems": "center",
          "borderLeftColor": "#F3F2FD",
          "borderLeftWidth": 3,
          "flexDirection": "row",
          "marginLeft": 8,
          "paddingLeft": 8,
        }
      }
    >
      <Text
        style={
          {
            "fontSize": 16,
            "fontWeight": "600",
          }
        }
        testID="place-text"
      >
        Ev
      </Text>
      <Text
        style={
          {
            "color": "gray",
            "fontSize": 12,
            "fontWeight": "500",
            "marginLeft": 6,
            "marginRight": 1,
          }
        }
      >
        Dedepaşa Blv. Yenişehir Mahallesi...
      </Text>
      <Text />
    </View>
    <View
      style={
        {
          "alignItems": "center",
          "flexDirection": "column",
          "height": 85.376,
          "justifyContent": "center",
          "paddingLeft": 20,
          "width": "25%",
        }
      }
    >
      <Text
        style={
          {
            "color": "#5D3EBD",
            "fontSize": 10,
            "fontWeight": "bold",
          }
        }
      >
        TVS
      </Text>
      <Text
        style={
          {
            "color": "#5D3EBD",
            "fontSize": 20,
            "fontWeight": "bold",
          }
        }
      >
        13
        <Text
          style={
            {
              "color": "#5D3EBD",
              "fontSize": 16,
            }
          }
        >
          dk
        </Text>
      </Text>
    </View>
  </View>
</View>
`;
